// Jest Snapshot v1, https://goo.gl/fbAQLP

exports[`Home snapshot test renders 1`] = `
<div>
  <div
    class="start"
  >
    <div
      class="loading-indicator-container"
    >
      <h3
        class="loading-title"
      >
        Loading...
      </h3>
      <div
        class="loading-text"
      >
        Please wait for job listings to be updated
      </div>
    </div>
  </div>
</div>
`;
